[websmirno.site/voicer/index.html]
[backblue.gif]
[fade.gif]
[index.html]
[websmirno.site/voicer/favicon.png]
[use.fontawesome.com/releases/v5.8.1/css/all.css]
[websmirno.site/voicer/about.html]
[websmirno.site/voicer/equipment.html]
[websmirno.site/voicer/index-2.html]
[websmirno.site/voicer/services.html]
[websmirno.site/voicer/rates.html]
[websmirno.site/voicer/testimonials.html]
[websmirno.site/voicer/blog-post.html]
[websmirno.site/voicer/blog.html]
[websmirno.site/voicer/projects.html]
[websmirno.site/voicer/shop.html]
[websmirno.site/voicer/product.html]
[websmirno.site/voicer/cart.html]
[websmirno.site/voicer/img/main-slider-2.jpg]
[websmirno.site/voicer/img/studio-1.jpg]
[websmirno.site/voicer/img/studio-2.jpg]
[websmirno.site/voicer/gallery.html]
[websmirno.site/voicer/img/studio-3.jpg]
[websmirno.site/voicer/img/project-1.jpg]
[websmirno.site/voicer/img/project-2.jpg]
[websmirno.site/voicer/img/project-3.jpg]
[websmirno.site/voicer/img/project-4.jpg]
[websmirno.site/voicer/img/project-5.jpg]
[websmirno.site/voicer/img/project-6.jpg]
[websmirno.site/voicer/img/clients-bg-2.jpg]
[websmirno.site/voicer/img/news-1.jpg]
[websmirno.site/voicer/img/news-2.jpg]
[websmirno.site/voicer/img/news-3.jpg]
[websmirno.site/voicer/img/news-4.jpg]
[websmirno.site/voicer/img/news-5.jpg]
[websmirno.site/voicer/img/news-6.jpg]
[websmirno.site/voicer/img/quote.png]
[websmirno.site/voicer/img/testimonials-1.jpg]
[websmirno.site/voicer/img/engineer-1.png]
[websmirno.site/voicer/img/engineer-2.png]
[websmirno.site/voicer/img/engineer-3.png]
[websmirno.site/voicer/img/engineer-4.png]
[websmirno.site/voicer/img/engineer-5.png]
[websmirno.site/voicer/img/engineer-6.png]
[websmirno.site/voicer/img/engineers-bg.jpg]
[websmirno.site/voicer/img/footer_bg.jpg]
[ajax.googleapis.com/ajax/libs/jquery/3.2.1/jquery.min.js]
[websmirno.site/voicer/vendor/bootstrap/js/bootstrap.min.js]
[websmirno.site/voicer/vendor/lazy-load/jquery.lazy.min.js]
[websmirno.site/voicer/vendor/slick/slick/slick.min.js]
[code.jquery.com/ui/1.12.1/jquery-ui.js]
[websmirno.site/voicer/vendor/paroller/dist/jquery.paroller.min.js]
[websmirno.site/voicer/vendor/scrollbar/jquery.mCustomScrollbar.concat.min.js]
[websmirno.site/voicer/vendor/tilt/tilt.jquery.js]
[websmirno.site/voicer/vendor/fancybox/dist/jquery.fancybox.min.js]
[websmirno.site/voicer/vendor/input-mask/jquery.mask.min.js]
[websmirno.site/voicer/vendor/bootstrap-datetimepicker/moment.js]
[websmirno.site/voicer/vendor/bootstrap-datetimepicker/bootstrap-datetimepicker.min.js]
[cdnjs.cloudflare.com/ajax/libs/masonry/4.2.2/masonry.pkgd.min.js]
[cdnjs.cloudflare.com/ajax/libs/jquery.imagesloaded/4.1.4/imagesloaded.min.js]
[websmirno.site/voicer/vendor/shuffle/isotope.js]
[websmirno.site/voicer/vendor/form-validation/jquery.form.js]
[websmirno.site/voicer/vendor/form-validation/jquery.validate.min.js]
[websmirno.site/voicer/vendor/noUiSlider/nouislider.min.js]
[websmirno.site/voicer/vendor/wnumb/wNumb.js]
[websmirno.site/voicer/vendor/awp-player/wavesurfer.min.js]
[websmirno.site/voicer/vendor/awp-player/jsmediatags.min.js]
[websmirno.site/voicer/vendor/awp-player/new_cb.js]
[websmirno.site/voicer/vendor/awp-player/new.js]
[websmirno.site/voicer/vendor/instafeed/instafeed.min.js]
[websmirno.site/voicer/js/common.js]
[websmirno.site/voicer/index.html]
[use.fontawesome.com/releases/v5.8.1/css/all.css]
[websmirno.site/voicer/vendor/fancybox/dist/jquery.fancybox.min.css]
[websmirno.site/voicer/css/fonts/recording5960.eot]
[websmirno.site/voicer/css/fonts/recording5960.ttf]
[websmirno.site/voicer/css/fonts/recording5960.woff]
[websmirno.site/voicer/images/bg-hover.png]
[websmirno.site/voicer/img/ajax-loader.gif]
[websmirno.site/voicer/img/paralax-2.jpg]
[websmirno.site/voicer/css/index.css]
[websmirno.site/voicer/index-2.html]
[websmirno.site/voicer/imdex.html]
[websmirno.site/voicer/img/banner-bg-1.jpg]
[websmirno.site/voicer/img/white-bg-1.jpg]
[websmirno.site/voicer/about.html]
[websmirno.site/voicer/img/tile-text-1.jpg]
[websmirno.site/voicer/img/tile-text-2.jpg]
[websmirno.site/voicer/img/tile-text-3.jpg]
[websmirno.site/voicer/img/tile-text-4.jpg]
[websmirno.site/voicer/img/tile-text-5.jpg]
[websmirno.site/voicer/equipment.html]
[websmirno.site/voicer/img/play-bg.jpg]
[websmirno.site/voicer/img/gallery-8.jpg]
[websmirno.site/voicer/media/audio/1/01.mp3]
[websmirno.site/voicer/media/audio/1/02.mp3]
[websmirno.site/voicer/media/audio/1/03.mp3]
[websmirno.site/voicer/media/audio/1/04.mp3]
[websmirno.site/voicer/media/audio/1/05.mp3]
[websmirno.site/voicer/projects.html]
[websmirno.site/voicer/services.html]
[websmirno.site/voicer/img/clients-bg.jpg]
[websmirno.site/voicer/testimonials.html]
[websmirno.site/voicer/img/pricing-card.jpg]
[websmirno.site/voicer/rates.html]
[websmirno.site/voicer/img/blog-empty.jpg]
[websmirno.site/voicer/img/blog-2-1.jpg]
[websmirno.site/voicer/img/blog-2-2.jpg]
[websmirno.site/voicer/img/blog-2-3.jpg]
[websmirno.site/voicer/blog.html]
[websmirno.site/voicer/img/post-author-bg.jpg]
[websmirno.site/voicer/blog-post.html]
[websmirno.site/voicer/shop.html]
[websmirno.site/voicer/img/single-product-1.jpg]
[websmirno.site/voicer/img/single-product-mun-1.jpg]
[websmirno.site/voicer/img/single-product-mun-2.jpg]
[websmirno.site/voicer/img/single-product-mun-3.jpg]
[websmirno.site/voicer/img/single-product-mun-4.jpg]
[websmirno.site/voicer/img/single-product-mun-5.jpg]
[websmirno.site/voicer/product.html]
[websmirno.site/voicer/img/popular-1.jpg]
[websmirno.site/voicer/cart.html]
[websmirno.site/voicer/gallery.html]
[websmirno.site/voicer/css/fonts/recording5960.svg]
[websmirno.site/voicer/images/bg-hover.html]
[websmirno.site/voicer/imdex.html]
[websmirno.site/voicer/img/main-slider-1.jpg]
[websmirno.site/voicer/contact.html]
